// Jest Snapshot v1, https://goo.gl/fbAQLP

exports[`Snapshot commits 1`] = `<div />`;
